
*** Running vivado
    with args -log Top_Display.vds -m64 -product Vivado -mode batch -messageDb vivado.pb -notrace -source Top_Display.tcl



****** Vivado v2024.2 (64-bit)
  **** SW Build 5239630 on Fri Nov 08 22:35:27 MST 2024
  **** IP Build 5239520 on Sun Nov 10 16:12:51 MST 2024
  **** SharedData Build 5239561 on Fri Nov 08 14:39:27 MST 2024
  **** Start of session at: Mon May 19 19:25:01 2025
    ** Copyright 1986-2022 Xilinx, Inc. All Rights Reserved.
    ** Copyright 2022-2024 Advanced Micro Devices, Inc. All Rights Reserved.

source Top_Display.tcl -notrace
Command: read_checkpoint -auto_incremental -incremental D:/addersubstractor/addersubstractor.srcs/utils_1/imports/synth_1/BCD_Calculator_Display.dcp
INFO: [Vivado 12-5825] Read reference checkpoint from D:/addersubstractor/addersubstractor.srcs/utils_1/imports/synth_1/BCD_Calculator_Display.dcp for incremental synthesis
INFO: [Vivado 12-7989] Please ensure there are no constraint changes
Command: synth_design -top Top_Display -part xc7a100tcsg324-1
Starting synth_design
Attempting to get a license for feature 'Synthesis' and/or device 'xc7a100t'
INFO: [Common 17-349] Got license for feature 'Synthesis' and/or device 'xc7a100t'
INFO: [Device 21-403] Loading part xc7a100tcsg324-1
INFO: [Designutils 20-5440] No compile time benefit to using incremental synthesis; A full resynthesis will be run
INFO: [Designutils 20-4379] Flow is switching to default flow due to incremental criteria not met. If you would like to alter this behaviour and have the flow terminate instead, please set the following parameter config_implementation {autoIncr.Synth.RejectBehavior Terminate}
INFO: [Synth 8-7079] Multithreading enabled for synth_design using a maximum of 2 processes.
INFO: [Synth 8-7078] Launching helper process for spawning children vivado processes
INFO: [Synth 8-7075] Helper process launched with PID 2588
---------------------------------------------------------------------------------
Starting RTL Elaboration : Time (s): cpu = 00:00:06 ; elapsed = 00:00:06 . Memory (MB): peak = 1005.238 ; gain = 469.469
---------------------------------------------------------------------------------
INFO: [Synth 8-638] synthesizing module 'Top_Display' [D:/lab1/exercise2fpga.vhd:16]
INFO: [Synth 8-3491] module 'adder_substractor' declared at 'D:/adder_substractor.vhd:1' bound to instance 'U1' of component 'adder_substractor' [D:/lab1/exercise2fpga.vhd:66]
INFO: [Synth 8-638] synthesizing module 'adder_substractor' [D:/adder_substractor.vhd:6]
INFO: [Synth 8-3491] module 'RA' declared at 'D:/Ripple carry Adder.vhd:1' bound to instance 'U1' of component 'RA' [D:/adder_substractor.vhd:26]
INFO: [Synth 8-638] synthesizing module 'RA' [D:/Ripple carry Adder.vhd:6]
INFO: [Synth 8-3491] module 'full_adder' declared at 'D:/FA.vhd:1' bound to instance 'U1' of component 'full_adder' [D:/Ripple carry Adder.vhd:16]
INFO: [Synth 8-638] synthesizing module 'full_adder' [D:/FA.vhd:5]
INFO: [Synth 8-3491] module 'add1_half' declared at 'D:/half adder.vhd:1' bound to instance 'U1' of component 'add1_half' [D:/FA.vhd:12]
INFO: [Synth 8-638] synthesizing module 'add1_half' [D:/half adder.vhd:7]
INFO: [Synth 8-256] done synthesizing module 'add1_half' (0#1) [D:/half adder.vhd:7]
INFO: [Synth 8-3491] module 'add1_half' declared at 'D:/half adder.vhd:1' bound to instance 'U2' of component 'add1_half' [D:/FA.vhd:13]
INFO: [Synth 8-256] done synthesizing module 'full_adder' (0#1) [D:/FA.vhd:5]
INFO: [Synth 8-3491] module 'full_adder' declared at 'D:/FA.vhd:1' bound to instance 'U2' of component 'full_adder' [D:/Ripple carry Adder.vhd:17]
INFO: [Synth 8-3491] module 'full_adder' declared at 'D:/FA.vhd:1' bound to instance 'U3' of component 'full_adder' [D:/Ripple carry Adder.vhd:18]
INFO: [Synth 8-3491] module 'full_adder' declared at 'D:/FA.vhd:1' bound to instance 'U4' of component 'full_adder' [D:/Ripple carry Adder.vhd:19]
INFO: [Synth 8-256] done synthesizing module 'RA' (0#1) [D:/Ripple carry Adder.vhd:6]
INFO: [Synth 8-256] done synthesizing module 'adder_substractor' (0#1) [D:/adder_substractor.vhd:6]
INFO: [Synth 8-3491] module 'B2BC' declared at 'D:/lab2/4bit_Binary_2_BCD.vhd:1' bound to instance 'U2' of component 'B2BC' [D:/lab1/exercise2fpga.vhd:77]
INFO: [Synth 8-638] synthesizing module 'B2BC' [D:/lab2/4bit_Binary_2_BCD.vhd:7]
INFO: [Synth 8-256] done synthesizing module 'B2BC' (0#1) [D:/lab2/4bit_Binary_2_BCD.vhd:7]
INFO: [Synth 8-3491] module 'BCD_to_7seg' declared at 'D:/lab2/BCD_to_7seg.vhd:1' bound to instance 'U3' of component 'BCD_to_7seg' [D:/lab1/exercise2fpga.vhd:84]
INFO: [Synth 8-638] synthesizing module 'BCD_to_7seg' [D:/lab2/BCD_to_7seg.vhd:6]
INFO: [Synth 8-256] done synthesizing module 'BCD_to_7seg' (0#1) [D:/lab2/BCD_to_7seg.vhd:6]
INFO: [Synth 8-3491] module 'BCD_to_7seg' declared at 'D:/lab2/BCD_to_7seg.vhd:1' bound to instance 'U4' of component 'BCD_to_7seg' [D:/lab1/exercise2fpga.vhd:90]
INFO: [Synth 8-3491] module 'SevenSegmentController' declared at 'D:/addersubstractor/addersubstractor.srcs/sources_1/new/sevencontroller.vhd:26' bound to instance 'U5' of component 'SevenSegmentController' [D:/lab1/exercise2fpga.vhd:97]
INFO: [Synth 8-638] synthesizing module 'SevenSegmentController' [D:/addersubstractor/addersubstractor.srcs/sources_1/new/sevencontroller.vhd:35]
INFO: [Synth 8-256] done synthesizing module 'SevenSegmentController' (0#1) [D:/addersubstractor/addersubstractor.srcs/sources_1/new/sevencontroller.vhd:35]
INFO: [Synth 8-256] done synthesizing module 'Top_Display' (0#1) [D:/lab1/exercise2fpga.vhd:16]
---------------------------------------------------------------------------------
Finished RTL Elaboration : Time (s): cpu = 00:00:08 ; elapsed = 00:00:08 . Memory (MB): peak = 1111.312 ; gain = 575.543
---------------------------------------------------------------------------------
---------------------------------------------------------------------------------
Start Handling Custom Attributes
---------------------------------------------------------------------------------
---------------------------------------------------------------------------------
Finished Handling Custom Attributes : Time (s): cpu = 00:00:08 ; elapsed = 00:00:08 . Memory (MB): peak = 1111.312 ; gain = 575.543
---------------------------------------------------------------------------------
---------------------------------------------------------------------------------
Finished RTL Optimization Phase 1 : Time (s): cpu = 00:00:08 ; elapsed = 00:00:08 . Memory (MB): peak = 1111.312 ; gain = 575.543
---------------------------------------------------------------------------------
Netlist sorting complete. Time (s): cpu = 00:00:00 ; elapsed = 00:00:00.003 . Memory (MB): peak = 1111.312 ; gain = 0.000
INFO: [Project 1-570] Preparing netlist for logic optimization

Processing XDC Constraints
Initializing timing engine
Parsing XDC File [D:/addersubstractor/addersubstractor.srcs/constrs_1/new/cons.xdc]
Finished Parsing XDC File [D:/addersubstractor/addersubstractor.srcs/constrs_1/new/cons.xdc]
INFO: [Project 1-236] Implementation specific constraints were found while reading constraint file [D:/addersubstractor/addersubstractor.srcs/constrs_1/new/cons.xdc]. These constraints will be ignored for synthesis but will be used in implementation. Impacted constraints are listed in the file [.Xil/Top_Display_propImpl.xdc].
Resolution: To avoid this warning, move constraints listed in [.Xil/Top_Display_propImpl.xdc] to another XDC file and exclude this new file from synthesis with the used_in_synthesis property (File Properties dialog in GUI) and re-run elaboration/synthesis.
Completed Processing XDC Constraints

Netlist sorting complete. Time (s): cpu = 00:00:00 ; elapsed = 00:00:00 . Memory (MB): peak = 1171.473 ; gain = 0.000
INFO: [Project 1-111] Unisim Transformation Summary:
No Unisim elements were transformed.

Constraint Validation Runtime : Time (s): cpu = 00:00:00 ; elapsed = 00:00:00.002 . Memory (MB): peak = 1171.473 ; gain = 0.000
INFO: [Designutils 20-5440] No compile time benefit to using incremental synthesis; A full resynthesis will be run
INFO: [Designutils 20-4379] Flow is switching to default flow due to incremental criteria not met. If you would like to alter this behaviour and have the flow terminate instead, please set the following parameter config_implementation {autoIncr.Synth.RejectBehavior Terminate}
---------------------------------------------------------------------------------
Finished Constraint Validation : Time (s): cpu = 00:00:17 ; elapsed = 00:00:17 . Memory (MB): peak = 1171.473 ; gain = 635.703
---------------------------------------------------------------------------------
---------------------------------------------------------------------------------
Start Loading Part and Timing Information
---------------------------------------------------------------------------------
Loading part: xc7a100tcsg324-1
---------------------------------------------------------------------------------
Finished Loading Part and Timing Information : Time (s): cpu = 00:00:17 ; elapsed = 00:00:17 . Memory (MB): peak = 1171.473 ; gain = 635.703
---------------------------------------------------------------------------------
---------------------------------------------------------------------------------
Start Applying 'set_property' XDC Constraints
---------------------------------------------------------------------------------
---------------------------------------------------------------------------------
Finished applying 'set_property' XDC Constraints : Time (s): cpu = 00:00:17 ; elapsed = 00:00:17 . Memory (MB): peak = 1171.473 ; gain = 635.703
---------------------------------------------------------------------------------
WARNING: [Synth 8-327] inferring latch for variable 'Dout2_reg' [D:/lab2/4bit_Binary_2_BCD.vhd:11]
---------------------------------------------------------------------------------
Finished RTL Optimization Phase 2 : Time (s): cpu = 00:00:17 ; elapsed = 00:00:17 . Memory (MB): peak = 1171.473 ; gain = 635.703
---------------------------------------------------------------------------------
---------------------------------------------------------------------------------
Start RTL Component Statistics 
---------------------------------------------------------------------------------
Detailed RTL Component Info : 
+---Adders : 
	   2 Input   31 Bit       Adders := 1     
	   2 Input    3 Bit       Adders := 1     
+---XORs : 
	   2 Input      1 Bit         XORs := 12    
+---Registers : 
	               31 Bit    Registers := 1     
	                3 Bit    Registers := 1     
+---Muxes : 
	   2 Input    8 Bit        Muxes := 2     
	   2 Input    4 Bit        Muxes := 1     
	   2 Input    3 Bit        Muxes := 2     
	   6 Input    3 Bit        Muxes := 1     
	   8 Input    1 Bit        Muxes := 1     
	   2 Input    1 Bit        Muxes := 2     
---------------------------------------------------------------------------------
Finished RTL Component Statistics 
---------------------------------------------------------------------------------
---------------------------------------------------------------------------------
Start Part Resource Summary
---------------------------------------------------------------------------------
Part Resources:
DSPs: 240 (col length:80)
BRAMs: 270 (col length: RAMB18 80 RAMB36 40)
---------------------------------------------------------------------------------
Finished Part Resource Summary
---------------------------------------------------------------------------------
---------------------------------------------------------------------------------
Start Cross Boundary and Area Optimization
---------------------------------------------------------------------------------
WARNING: [Synth 8-7080] Parallel synthesis criteria is not met
WARNING: [Synth 8-3917] design Top_Display has port SEG[7] driven by constant 1
WARNING: [Synth 8-3332] Sequential element (U2/Dout2_reg[3]) is unused and will be removed from module Top_Display.
WARNING: [Synth 8-3332] Sequential element (U2/Dout2_reg[2]) is unused and will be removed from module Top_Display.
WARNING: [Synth 8-3332] Sequential element (U2/Dout2_reg[1]) is unused and will be removed from module Top_Display.
WARNING: [Synth 8-3332] Sequential element (U2/Dout2_reg[0]) is unused and will be removed from module Top_Display.
---------------------------------------------------------------------------------
Finished Cross Boundary and Area Optimization : Time (s): cpu = 00:00:20 ; elapsed = 00:00:20 . Memory (MB): peak = 1171.473 ; gain = 635.703
---------------------------------------------------------------------------------
---------------------------------------------------------------------------------
Start Applying XDC Timing Constraints
---------------------------------------------------------------------------------
---------------------------------------------------------------------------------
Finished Applying XDC Timing Constraints : Time (s): cpu = 00:00:26 ; elapsed = 00:00:27 . Memory (MB): peak = 1301.957 ; gain = 766.188
---------------------------------------------------------------------------------
---------------------------------------------------------------------------------
Start Timing Optimization
---------------------------------------------------------------------------------
---------------------------------------------------------------------------------
Finished Timing Optimization : Time (s): cpu = 00:00:26 ; elapsed = 00:00:27 . Memory (MB): peak = 1321.578 ; gain = 785.809
---------------------------------------------------------------------------------
---------------------------------------------------------------------------------
Start Technology Mapping
---------------------------------------------------------------------------------
---------------------------------------------------------------------------------
Finished Technology Mapping : Time (s): cpu = 00:00:26 ; elapsed = 00:00:27 . Memory (MB): peak = 1321.578 ; gain = 785.809
---------------------------------------------------------------------------------
---------------------------------------------------------------------------------
Start IO Insertion
---------------------------------------------------------------------------------
---------------------------------------------------------------------------------
Start Flattening Before IO Insertion
---------------------------------------------------------------------------------
---------------------------------------------------------------------------------
Finished Flattening Before IO Insertion
---------------------------------------------------------------------------------
---------------------------------------------------------------------------------
Start Final Netlist Cleanup
---------------------------------------------------------------------------------
---------------------------------------------------------------------------------
Finished Final Netlist Cleanup
---------------------------------------------------------------------------------
---------------------------------------------------------------------------------
Finished IO Insertion : Time (s): cpu = 00:00:32 ; elapsed = 00:00:32 . Memory (MB): peak = 1528.605 ; gain = 992.836
---------------------------------------------------------------------------------
---------------------------------------------------------------------------------
Start Renaming Generated Instances
---------------------------------------------------------------------------------
---------------------------------------------------------------------------------
Finished Renaming Generated Instances : Time (s): cpu = 00:00:32 ; elapsed = 00:00:32 . Memory (MB): peak = 1528.605 ; gain = 992.836
---------------------------------------------------------------------------------
---------------------------------------------------------------------------------
Start Rebuilding User Hierarchy
---------------------------------------------------------------------------------
---------------------------------------------------------------------------------
Finished Rebuilding User Hierarchy : Time (s): cpu = 00:00:32 ; elapsed = 00:00:32 . Memory (MB): peak = 1528.605 ; gain = 992.836
---------------------------------------------------------------------------------
---------------------------------------------------------------------------------
Start Renaming Generated Ports
---------------------------------------------------------------------------------
---------------------------------------------------------------------------------
Finished Renaming Generated Ports : Time (s): cpu = 00:00:32 ; elapsed = 00:00:32 . Memory (MB): peak = 1528.605 ; gain = 992.836
---------------------------------------------------------------------------------
---------------------------------------------------------------------------------
Start Handling Custom Attributes
---------------------------------------------------------------------------------
---------------------------------------------------------------------------------
Finished Handling Custom Attributes : Time (s): cpu = 00:00:32 ; elapsed = 00:00:32 . Memory (MB): peak = 1528.605 ; gain = 992.836
---------------------------------------------------------------------------------
---------------------------------------------------------------------------------
Start Renaming Generated Nets
---------------------------------------------------------------------------------
---------------------------------------------------------------------------------
Finished Renaming Generated Nets : Time (s): cpu = 00:00:32 ; elapsed = 00:00:32 . Memory (MB): peak = 1528.605 ; gain = 992.836
---------------------------------------------------------------------------------
---------------------------------------------------------------------------------
Start Writing Synthesis Report
---------------------------------------------------------------------------------

Report BlackBoxes: 
+-+--------------+----------+
| |BlackBox name |Instances |
+-+--------------+----------+
+-+--------------+----------+

Report Cell Usage: 
+------+-------+------+
|      |Cell   |Count |
+------+-------+------+
|1     |BUFG   |     1|
|2     |CARRY4 |     8|
|3     |LUT1   |     1|
|4     |LUT2   |     3|
|5     |LUT3   |     9|
|6     |LUT4   |     2|
|7     |LUT5   |     2|
|8     |LUT6   |    14|
|9     |FDRE   |    34|
|10    |IBUF   |    10|
|11    |OBUF   |    16|
+------+-------+------+
---------------------------------------------------------------------------------
Finished Writing Synthesis Report : Time (s): cpu = 00:00:32 ; elapsed = 00:00:32 . Memory (MB): peak = 1528.605 ; gain = 992.836
---------------------------------------------------------------------------------
Synthesis finished with 0 errors, 0 critical warnings and 7 warnings.
Synthesis Optimization Runtime : Time (s): cpu = 00:00:22 ; elapsed = 00:00:30 . Memory (MB): peak = 1528.605 ; gain = 932.676
Synthesis Optimization Complete : Time (s): cpu = 00:00:32 ; elapsed = 00:00:32 . Memory (MB): peak = 1528.605 ; gain = 992.836
INFO: [Project 1-571] Translating synthesized netlist
Netlist sorting complete. Time (s): cpu = 00:00:00 ; elapsed = 00:00:00.001 . Memory (MB): peak = 1528.605 ; gain = 0.000
INFO: [Netlist 29-17] Analyzing 8 Unisim elements for replacement
INFO: [Netlist 29-28] Unisim Transformation completed in 0 CPU seconds
INFO: [Project 1-570] Preparing netlist for logic optimization
INFO: [Opt 31-138] Pushed 0 inverter(s) to 0 load pin(s).
Netlist sorting complete. Time (s): cpu = 00:00:00 ; elapsed = 00:00:00.001 . Memory (MB): peak = 1528.605 ; gain = 0.000
INFO: [Project 1-111] Unisim Transformation Summary:
No Unisim elements were transformed.

Synth Design complete | Checksum: 1582c8ea
INFO: [Common 17-83] Releasing license: Synthesis
49 Infos, 7 Warnings, 0 Critical Warnings and 0 Errors encountered.
synth_design completed successfully
synth_design: Time (s): cpu = 00:00:36 ; elapsed = 00:00:38 . Memory (MB): peak = 1528.605 ; gain = 1199.309
Write ShapeDB Complete: Time (s): cpu = 00:00:00 ; elapsed = 00:00:00.001 . Memory (MB): peak = 1528.605 ; gain = 0.000
INFO: [Common 17-1381] The checkpoint 'D:/addersubstractor/addersubstractor.runs/synth_1/Top_Display.dcp' has been generated.
INFO: [Vivado 12-24828] Executing command : report_utilization -file Top_Display_utilization_synth.rpt -pb Top_Display_utilization_synth.pb
INFO: [Common 17-206] Exiting Vivado at Mon May 19 19:25:43 2025...
