#-----------------------------------------------------------
# Vivado v2024.2 (64-bit)
# SW Build 5239630 on Fri Nov 08 22:35:27 MST 2024
# IP Build 5239520 on Sun Nov 10 16:12:51 MST 2024
# SharedData Build 5239561 on Fri Nov 08 14:39:27 MST 2024
# Start of session at: Mon May 19 20:05:29 2025
# Process ID         : 11780
# Current directory  : D:/lab3leano
# Command line       : vivado.exe -gui_launcher_event rodinguilauncherevent17760 D:\lab3leano\addersubstractor.xpr
# Log file           : D:/lab3leano/vivado.log
# Journal file       : D:/lab3leano\vivado.jou
# Running On         : DESKTOP-KJS20PR
# Platform           : Windows Server 2016 or Windows 10
# Operating System   : 19045
# Processor Detail   : Intel(R) Core(TM) i5-10400 CPU @ 2.90GHz
# CPU Frequency      : 2904 MHz
# CPU Physical cores : 6
# CPU Logical cores  : 12
# Host memory        : 16989 MB
# Swap memory        : 14495 MB
# Total Virtual      : 31484 MB
# Available Virtual  : 17073 MB
#-----------------------------------------------------------
start_gui
open_project D:/lab3leano/addersubstractor.xpr
INFO: [Project 1-313] Project file moved from 'D:/addersubstractor' since last save.
INFO: [filemgmt 56-3] Default IP Output Path : Could not find the directory 'D:/lab3leano/addersubstractor.gen/sources_1'.
CRITICAL WARNING: [Project 1-19] Could not find the file 'D:/BCD/4bit_Binary_2_BCD.vhd'.
CRITICAL WARNING: [Project 1-19] Could not find the file 'D:/BCD/BCD_to_7seg.vhd'.
CRITICAL WARNING: [Project 1-19] Could not find the file 'D:/adder1/FA.vhd'.
CRITICAL WARNING: [Project 1-19] Could not find the file 'D:/adder1/Ripple carry Adder.vhd'.
CRITICAL WARNING: [Project 1-19] Could not find the file 'D:/adder1/adder_substractor.vhd'.
CRITICAL WARNING: [Project 1-19] Could not find the file 'D:/adder1/half adder.vhd'.
CRITICAL WARNING: [Project 1-19] Could not find the file 'D:/adder1/exercise2fpga.vhd'.
CRITICAL WARNING: [Project 1-19] Could not find the file 'D:/BCD/BCD_2_7seg.vhd'.
Scanning sources...
Finished scanning sources
INFO: [IP_Flow 19-234] Refreshing IP repositories
INFO: [IP_Flow 19-1704] No user IP repositories specified
INFO: [IP_Flow 19-2313] Loaded Vivado IP repository 'H:/vivado/Vivado/2024.2/data/ip'.
update_compile_order -fileset sources_1
