Copyright 1986-2022 Xilinx, Inc. All Rights Reserved. Copyright 2022-2024 Advanced Micro Devices, Inc. All Rights Reserved.
---------------------------------------------------------------------------------------------------------------------------------------------
| Tool Version : Vivado v.2024.2 (win64) Build 5239630 Fri Nov 08 22:35:27 MST 2024
| Date         : Mon Jun 16 00:52:18 2025
| Host         : DESKTOP-KJS20PR running 64-bit major release  (build 9200)
| Command      : report_control_sets -verbose -file VendingMachine_Top_control_sets_placed.rpt
| Design       : VendingMachine_Top
| Device       : xc7a100t
---------------------------------------------------------------------------------------------------------------------------------------------

Control Set Information

Table of Contents
-----------------
1. Summary
2. Histogram
3. Flip-Flop Distribution
4. Detailed Control Set Information

1. Summary
----------

+----------------------------------------------------------+-------+
|                          Status                          | Count |
+----------------------------------------------------------+-------+
| Total control sets                                       |     6 |
|    Minimum number of control sets                        |     6 |
|    Addition due to synthesis replication                 |     0 |
|    Addition due to physical synthesis replication        |     0 |
| Unused register locations in slices containing registers |    27 |
+----------------------------------------------------------+-------+
* Control sets can be merged at opt_design using control_set_merge or merge_equivalent_drivers
** Run report_qor_suggestions for automated merging and remapping suggestions


2. Histogram
------------

+--------------------+-------+
|       Fanout       | Count |
+--------------------+-------+
| Total control sets |     6 |
| >= 0 to < 4        |     1 |
| >= 4 to < 6        |     2 |
| >= 6 to < 8        |     1 |
| >= 8 to < 10       |     1 |
| >= 10 to < 12      |     0 |
| >= 12 to < 14      |     0 |
| >= 14 to < 16      |     0 |
| >= 16              |     1 |
+--------------------+-------+
* Control sets can be remapped at either synth_design or opt_design


3. Flip-Flop Distribution
-------------------------

+--------------+-----------------------+------------------------+-----------------+--------------+
| Clock Enable | Synchronous Set/Reset | Asynchronous Set/Reset | Total Registers | Total Slices |
+--------------+-----------------------+------------------------+-----------------+--------------+
| No           | No                    | No                     |              10 |            6 |
| No           | No                    | Yes                    |               2 |            1 |
| No           | Yes                   | No                     |              18 |            5 |
| Yes          | No                    | No                     |               0 |            0 |
| Yes          | No                    | Yes                    |               0 |            0 |
| Yes          | Yes                   | No                     |              15 |            5 |
+--------------+-----------------------+------------------------+-----------------+--------------+


4. Detailed Control Set Information
-----------------------------------

+-----------------------------+-----------------------------+----------------------------------+------------------+----------------+--------------+
|         Clock Signal        |        Enable Signal        |         Set/Reset Signal         | Slice Load Count | Bel Load Count | Bels / Slice |
+-----------------------------+-----------------------------+----------------------------------+------------------+----------------+--------------+
|  clk_IBUF_BUFG              |                             | reset_IBUF                       |                1 |              2 |         2.00 |
|  fsm_inst/selected_price__0 |                             |                                  |                2 |              5 |         2.50 |
|  clk_IBUF_BUFG              |                             |                                  |                4 |              5 |         1.25 |
|  clk_IBUF_BUFG              | disp_inst/digit_index       | reset_IBUF                       |                2 |              6 |         3.00 |
|  clk_IBUF_BUFG              | coin_inst/amount[9]_i_1_n_0 | reset_IBUF                       |                3 |              9 |         3.00 |
|  clk_IBUF_BUFG              |                             | disp_inst/clk_divider[0]_i_1_n_0 |                5 |             18 |         3.60 |
+-----------------------------+-----------------------------+----------------------------------+------------------+----------------+--------------+


