#-----------------------------------------------------------
# Vivado v2025.1 (64-bit)
# SW Build 6140274 on Thu May 22 00:12:29 MDT 2025
# IP Build 6138677 on Thu May 22 03:10:11 MDT 2025
# SharedData Build 6139179 on Tue May 20 17:58:58 MDT 2025
# Start of session at: Mon Jun 23 12:00:00 2025
# Process ID         : 16608
# Current directory  : C:/Users/zfw/Documents/GitHub/SS2025_HWE_Lab_Team1_VendingMachine/2. Projects/vendingmachine
# Command line       : vivado.exe -gui_launcher_event rodinguilauncherevent6984 C:\Users\zfw\Documents\GitHub\SS2025_HWE_Lab_Team1_VendingMachine\2. Projects\vendingmachine\vendingmachine.xpr
# Log file           : C:/Users/zfw/Documents/GitHub/SS2025_HWE_Lab_Team1_VendingMachine/2. Projects/vendingmachine/vivado.log
# Journal file       : C:/Users/zfw/Documents/GitHub/SS2025_HWE_Lab_Team1_VendingMachine/2. Projects/vendingmachine\vivado.jou
# Running On         : HSHL2NBIBL030
# Platform           : Windows Server 2016 or Windows 10
# Operating System   : 19045
# Processor Detail   : Intel(R) Core(TM) i7-8650U CPU @ 1.90GHz
# CPU Frequency      : 2112 MHz
# CPU Physical cores : 4
# CPU Logical cores  : 8
# Host memory        : 17031 MB
# Swap memory        : 8321 MB
# Total Virtual      : 25352 MB
# Available Virtual  : 8320 MB
#-----------------------------------------------------------
start_gui
